NEURON -- VERSION 9.0.1-354-ga6c6d3d70 local/gpu-native (a6c6d3d70+) 2026-08-04
Duke, Yale, and the BlueBrain Project -- Copyright 1984-2022
See http://neuron.yale.edu/neuron/credits

Additional mechanisms from files
 "./alphasyndiffeq.mod" "./alphasynkin.mod" "./alphasynkint.mod" "./ampa.mod" "./ar.mod" "./cad.mod" "./cal.mod" "./cat_a.mod" "./cat.mod" "./gabaa.mod" "./iclamp_const.mod" "./k2.mod" "./kahp_deeppyr.mod" "./kahp.mod" "./kahp_slower.mod" "./ka_ib.mod" "./ka.mod" "./kc_fast.mod" "./kc.mod" "./kdr_fs.mod" "./kdr.mod" "./km.mod" "./naf2.mod" "./naf.mod" "./naf_tcr.mod" "./napf.mod" "./napf_spinstell.mod" "./napf_tcr.mod" "./nap.mod" "./par_ggap.mod" "./pulsesyn.mod" "./rampsyn.mod" "./ri.mod" "./traub_nmda.mod"
load_balance_phase  0 
one_tenth_ncell  1 
use_gap  0 
use_ectopic  1 
use_inject  1 
awake  1 
default_delay  0.5 
ranseedbase  1 
use_traubexact  0 
wholecell_prefix  cxwhole
multisplit_prefix  cx
multisplit_nhost  256 
msoptfactor  0.8 
nthread  1 
savestatetest  0 
coreneuron  1 
coreneuron_gpu  1 
enable_gpu  0 
gpu_backend  native
gpu_download_flush  1 
benchmark_quiet  1 
prcellstate_gid  -1 
prcellstate_checkpoint  -1 
spike_compress  5 
cacheeffic  1 
multisend  0 
selfevents  0 
fakerank  -1 
fakenhost  -1 
n_multi_psolve  3 
made it to end of network_specification_interface.hoc
Initializing Network
creating 356  cells:

creating 100 suppyrRS cells
creating 5 suppyrFRB cells
creating 9 supbask cells
creating 9 supaxax cells
creating 9 supLTS cells
creating 24 spinstell cells
creating 80 tuftIB cells
creating 20 tuftRS cells
creating 50 nontuftRS cells
creating 10 deepbask cells
creating 10 deepaxax cells
creating 10 deepLTS cells
creating 10 TCR cells
creating 10 nRT cells
Done creating cells
Constructing suppyrRS_to_suppyrRS maps
Constructing suppyrRS_to_suppyrFRB maps.. and so forth
constructing suppyrRS_to_nontuftRS
constructing suppyrFRB_to_suppyrRS
 finished construction of cell connection tables
Starting construction of compartment map connection tables
 calling  com_suppyrRS_to_suppyrRS = synaptic_compmap_construct
...
com_TCR_to_tuftRS
Construct gap-junction tables
Adding constant random current injections to the somas
  of some cell types.
Completed adding constant random current injections.
Total number: syn_num = 5000 suppyrRS_to_suppyrRS synapses
creating 100 NetStim's for suppyrRS cells
creating 5 NetStim's for suppyrFRB cells
creating 80 NetStim's for tuftIB cells
creating 20 NetStim's for tuftRS cells
creating 50 NetStim's for nontuftRS cells
creating 10 NetStim's for TCR cells
at end
SetupTime: 1.9745586 
mytstop  100 
<string>:1: DeprecationWarning: coreneuron.gpu is deprecated; use gpu.enable (and gpu.backend for native) instead
	2 
 
 Duke, Yale, and the BlueBrain Project -- Copyright 1984-2020
 Version : 9.0.1.post329 5ce6fbd80 (2026-08-03 10:15:37 -0400)
 
 Additional mechanisms from files
 alphasyndiffeq.mod alphasynkin.mod alphasynkint.mod ampa.mod ar.mod cad.mod cal.mod cat.mod cat_a.mod exp2syn.mod expsyn.mod gabaa.mod hh.mod iclamp_const.mod k2.mod ka.mod ka_ib.mod kahp.mod kahp_deeppyr.mod kahp_slower.mod kc.mod kc_fast.mod kdr.mod kdr_fs.mod km.mod naf.mod naf2.mod naf_tcr.mod nap.mod napf.mod napf_spinstell.mod napf_tcr.mod netstim.mod par_ggap.mod passive.mod pattern.mod pulsesyn.mod rampsyn.mod ri.mod stim.mod svclmp.mod traub_nmda.mod

t=0 
 Info : 1 GPUs shared by 1 ranks per node
 Memory (MBs) :             After mk_mech : Max 534.1406, Min 534.1406, Avg 534.1406 
 GPU Memory (MiBs) : Used = 911.812500, Free = 6866.937500, Total = 7778.750000
 Memory (MBs) :            After MPI_Init : Max 534.2031, Min 534.2031, Avg 534.2031 
 GPU Memory (MiBs) : Used = 911.812500, Free = 6866.937500, Total = 7778.750000
 Memory (MBs) :          Before nrn_setup : Max 534.2188, Min 534.2188, Avg 534.2188 
 GPU Memory (MiBs) : Used = 911.812500, Free = 6866.937500, Total = 7778.750000
 WARNING : GPU execution requires --cell-permute type 1 or 2. Setting it to 1.
 Setup Done   : 0.17 seconds 
 Model size   : 63.77 MB
 Memory (MBs) :          After nrn_setup  : Max 613.1484, Min 613.1484, Avg 613.1484 
 GPU Memory (MiBs) : Used = 911.812500, Free = 6866.937500, Total = 7778.750000
GENERAL PARAMETERS
--mpi=false
--mpi-lib=
--gpu=true
--dt=0.025
--tstop=100

GPU
--nwarp=65536
--cell-permute=0
--cuda-interface=false

INPUT PARAMETERS
--voltage=1000
--seed=-1
--datpath=.
--filesdat=./files.dat
--pattern=
--report-conf=
--restore=     

PARALLEL COMPUTATION PARAMETERS
--threading=false
--skip_mpi_finalize=true

SPIKE EXCHANGE
--ms_phases=2
--ms_subintervals=2
--multisend=false
--spk_compress=0
--binqueue=true

CONFIGURATION
--spikebuf=100000
--prcellgid=-1
--forwardskip=0
--celsius=6.3
--mindelay=10
--report-buffer-size=4

OUTPUT PARAMETERS
--dt_io=0.1
--outpath=.
--checkpoint=

 Start time (t) = 0

 Memory (MBs) :  After mk_spikevec_buffer : Max 613.1484, Min 613.1484, Avg 613.1484 
 GPU Memory (MiBs) : Used = 911.812500, Free = 6866.937500, Total = 7778.750000
WARNING: CVode.event(...) for delivery at time step nearest 0.99375 discarded. CoreNEURON cannot presently handle interpreter events (rank 0, thread 0).
 Memory (MBs) :     After nrn_finitialize : Max 614.0742, Min 614.0742, Avg 614.0742 
 GPU Memory (MiBs) : Used = 971.812500, Free = 6806.937500, Total = 7778.750000

psolve |                                                         | t: 0.00   ETA: 0h00m00spsolve |============================                             | t: 49.88  ETA: 0h00m05spsolve |=========================================================| t: 100.00 ETA: 0h00m09s

Solver Time : 8.5777


 Simulation Statistics
 Number of cells: 356
 Number of compartments: 46574
 Number of presyns: 621
 Number of input presyns: 0
 Number of synapses: 109982
 Number of point processes: 110555
 Number of transfer sources: 0
 Number of transfer targets: 0
 Number of spikes: 4474
 Number of spikes with non negative gid-s: 4474
MULTI_PSOLVE i=0 runtime=9.61397
BENCHMARK runtime=9.61397 setuptime=1.97456 ncell=356 enable_gpu=0 nhost=1 rep=0
t=0 
 Info : 1 GPUs shared by 1 ranks per node
 Memory (MBs) :             After mk_mech : Max 631.8359, Min 631.8359, Avg 631.8359 
 GPU Memory (MiBs) : Used = 971.562500, Free = 6807.187500, Total = 7778.750000
 Memory (MBs) :            After MPI_Init : Max 631.8359, Min 631.8359, Avg 631.8359 
 GPU Memory (MiBs) : Used = 971.562500, Free = 6807.187500, Total = 7778.750000
 Memory (MBs) :          Before nrn_setup : Max 631.8359, Min 631.8359, Avg 631.8359 
 GPU Memory (MiBs) : Used = 971.562500, Free = 6807.187500, Total = 7778.750000
 WARNING : GPU execution requires --cell-permute type 1 or 2. Setting it to 1.
 Setup Done   : 0.16 seconds 
 Model size   : 63.77 MB
 Memory (MBs) :          After nrn_setup  : Max 684.5703, Min 684.5703, Avg 684.5703 
 GPU Memory (MiBs) : Used = 971.562500, Free = 6807.187500, Total = 7778.750000
GENERAL PARAMETERS
--mpi=false
--mpi-lib=
--gpu=true
--dt=0.025
--tstop=100

GPU
--nwarp=65536
--cell-permute=0
--cuda-interface=false

INPUT PARAMETERS
--voltage=1000
--seed=-1
--datpath=.
--filesdat=./files.dat
--pattern=
--report-conf=
--restore=     

PARALLEL COMPUTATION PARAMETERS
--threading=false
--skip_mpi_finalize=true

SPIKE EXCHANGE
--ms_phases=2
--ms_subintervals=2
--multisend=false
--spk_compress=0
--binqueue=true

CONFIGURATION
--spikebuf=100000
--prcellgid=-1
--forwardskip=0
--celsius=6.3
--mindelay=10
--report-buffer-size=4

OUTPUT PARAMETERS
--dt_io=0.1
--outpath=.
--checkpoint=

 Start time (t) = 0

 Memory (MBs) :  After mk_spikevec_buffer : Max 684.5703, Min 684.5703, Avg 684.5703 
 GPU Memory (MiBs) : Used = 971.562500, Free = 6807.187500, Total = 7778.750000
WARNING: CVode.event(...) for delivery at time step nearest 0.99375 discarded. CoreNEURON cannot presently handle interpreter events (rank 0, thread 0).
 Memory (MBs) :     After nrn_finitialize : Max 684.6133, Min 684.6133, Avg 684.6133 
 GPU Memory (MiBs) : Used = 971.562500, Free = 6807.187500, Total = 7778.750000

psolve |                                                         | t: 0.00   ETA: 0h00m00spsolve |======================================================== | t: 99.75  ETA: 0h00m00spsolve |=========================================================| t: 100.00 ETA: 0h00m08s

Solver Time : 8.44817


 Simulation Statistics
 Number of cells: 356
 Number of compartments: 46574
 Number of presyns: 621
 Number of input presyns: 0
 Number of synapses: 109982
 Number of point processes: 110555
 Number of transfer sources: 0
 Number of transfer targets: 0
 Number of spikes: 4474
 Number of spikes with non negative gid-s: 4474
MULTI_PSOLVE i=1 runtime=9.33241
BENCHMARK runtime=9.33241 setuptime=1.97456 ncell=356 enable_gpu=0 nhost=1 rep=1
t=0 
 Info : 1 GPUs shared by 1 ranks per node
 Memory (MBs) :             After mk_mech : Max 642.3750, Min 642.3750, Avg 642.3750 
 GPU Memory (MiBs) : Used = 971.312500, Free = 6807.437500, Total = 7778.750000
 Memory (MBs) :            After MPI_Init : Max 642.3750, Min 642.3750, Avg 642.3750 
 GPU Memory (MiBs) : Used = 971.312500, Free = 6807.437500, Total = 7778.750000
 Memory (MBs) :          Before nrn_setup : Max 642.3750, Min 642.3750, Avg 642.3750 
 GPU Memory (MiBs) : Used = 971.312500, Free = 6807.437500, Total = 7778.750000
 WARNING : GPU execution requires --cell-permute type 1 or 2. Setting it to 1.
 Setup Done   : 0.15 seconds 
 Model size   : 63.77 MB
 Memory (MBs) :          After nrn_setup  : Max 686.3242, Min 686.3242, Avg 686.3242 
 GPU Memory (MiBs) : Used = 971.312500, Free = 6807.437500, Total = 7778.750000
GENERAL PARAMETERS
--mpi=false
--mpi-lib=
--gpu=true
--dt=0.025
--tstop=100

GPU
--nwarp=65536
--cell-permute=0
--cuda-interface=false

INPUT PARAMETERS
--voltage=1000
--seed=-1
--datpath=.
--filesdat=./files.dat
--pattern=
--report-conf=
--restore=     

PARALLEL COMPUTATION PARAMETERS
--threading=false
--skip_mpi_finalize=true

SPIKE EXCHANGE
--ms_phases=2
--ms_subintervals=2
--multisend=false
--spk_compress=0
--binqueue=true

CONFIGURATION
--spikebuf=100000
--prcellgid=-1
--forwardskip=0
--celsius=6.3
--mindelay=10
--report-buffer-size=4

OUTPUT PARAMETERS
--dt_io=0.1
--outpath=.
--checkpoint=

 Start time (t) = 0

 Memory (MBs) :  After mk_spikevec_buffer : Max 686.3242, Min 686.3242, Avg 686.3242 
 GPU Memory (MiBs) : Used = 971.312500, Free = 6807.437500, Total = 7778.750000
WARNING: CVode.event(...) for delivery at time step nearest 0.99375 discarded. CoreNEURON cannot presently handle interpreter events (rank 0, thread 0).
 Memory (MBs) :     After nrn_finitialize : Max 686.3672, Min 686.3672, Avg 686.3672 
 GPU Memory (MiBs) : Used = 971.312500, Free = 6807.437500, Total = 7778.750000

psolve |                                                         | t: 0.00   ETA: 0h00m00spsolve |======================================================== | t: 99.75  ETA: 0h00m00spsolve |=========================================================| t: 100.00 ETA: 0h00m09s

Solver Time : 8.60211


 Simulation Statistics
 Number of cells: 356
 Number of compartments: 46574
 Number of presyns: 621
 Number of input presyns: 0
 Number of synapses: 109982
 Number of point processes: 110555
 Number of transfer sources: 0
 Number of transfer targets: 0
 Number of spikes: 4474
 Number of spikes with non negative gid-s: 4474
MULTI_PSOLVE i=2 runtime=9.46581
BENCHMARK runtime=9.46581 setuptime=1.97456 ncell=356 enable_gpu=0 nhost=1 rep=2
tstop = 100 
MULTI_PSOLVE_DONE n=3
